stwo_run_and_prove_recursive_tree::run:stwo_run_and_prove_recursive_tree: stwo_run_and_prove_recursive_tree: Folding leaf circuit proofs into a recursive tree. n_leaves=1
stwo_run_and_prove_recursive_tree::run:stwo_run_and_prove_recursive_tree: stwo_run_and_prove_recursive_tree: Single-leaf tree: folding the leaf with itself for the root pass.
stwo_run_and_prove_recursive_tree::run:stwo_run_and_prove_recursive_tree:reduce{layer_idx=1 pair_idx=0 is_root=true}:prove_ex: stwo::prover::pcs: Log size 22: 19
stwo_run_and_prove_recursive_tree::run:stwo_run_and_prove_recursive_tree:reduce{layer_idx=1 pair_idx=0 is_root=true}:prove_ex: stwo::prover::pcs: Log size 24: 151
stwo_run_and_prove_recursive_tree::run:stwo_run_and_prove_recursive_tree:reduce{layer_idx=1 pair_idx=0 is_root=true}:prove_ex: stwo::prover::pcs: Log size 15: 8
stwo_run_and_prove_recursive_tree::run:stwo_run_and_prove_recursive_tree:reduce{layer_idx=1 pair_idx=0 is_root=true}:prove_ex: stwo::prover::pcs: Log size 17: 15
stwo_run_and_prove_recursive_tree::run:stwo_run_and_prove_recursive_tree:reduce{layer_idx=1 pair_idx=0 is_root=true}:prove_ex: stwo::prover::pcs: Log size 9: 8
stwo_run_and_prove_recursive_tree::run:stwo_run_and_prove_recursive_tree:reduce{layer_idx=1 pair_idx=0 is_root=true}:prove_ex: stwo::prover::pcs: Log size 21: 110
stwo_run_and_prove_recursive_tree::run:stwo_run_and_prove_recursive_tree:reduce{layer_idx=1 pair_idx=0 is_root=true}:prove_ex: stwo::prover::pcs: Log size 19: 8
stwo_run_and_prove_recursive_tree::run:stwo_run_and_prove_recursive_tree:reduce{layer_idx=1 pair_idx=0 is_root=true}:prove_ex: stwo::prover: proof_size_estimate=372336
stwo_run_and_prove_recursive_tree::run:stwo_run_and_prove_recursive_tree: stwo_run_and_prove_recursive_tree: Recursive tree reduction complete. n_layers=1 n_pair_reductions=1
stwo_run_and_prove_recursive_tree::run: stwo_run_and_prove_recursive_tree: Recursive tree reduction complete. n_layers=1 n_pair_reductions=1
stwo_run_and_prove_recursive_tree::run:stwo_run_and_prove_recursive_tree:reduce{layer_idx=1 pair_idx=0 is_root=true}:Extension: stwo::prover::pcs: close time.busy=293ms time.idle=2.12µs
stwo_run_and_prove_recursive_tree::run:stwo_run_and_prove_recursive_tree:reduce{layer_idx=1 pair_idx=0 is_root=true}:Merkle: stwo::prover::pcs: close time.busy=385ms time.idle=1.58µs
stwo_run_and_prove_recursive_tree::run:stwo_run_and_prove_recursive_tree:reduce{layer_idx=1 pair_idx=0 is_root=true}:Commitment:Commitment:Extension: stwo::prover::pcs: close time.busy=1.09s time.idle=1.33µs
stwo_run_and_prove_recursive_tree::run:stwo_run_and_prove_recursive_tree:reduce{layer_idx=1 pair_idx=0 is_root=true}:Commitment:Commitment:Merkle: stwo::prover::pcs: close time.busy=707ms time.idle=1.96µs
stwo_run_and_prove_recursive_tree::run:stwo_run_and_prove_recursive_tree:reduce{layer_idx=1 pair_idx=0 is_root=true}:Commitment:Commitment: stwo::prover::pcs: close time.busy=1.79s time.idle=1.17µs
stwo_run_and_prove_recursive_tree::run:stwo_run_and_prove_recursive_tree:reduce{layer_idx=1 pair_idx=0 is_root=true}:Commitment: stwo::prover::pcs: close time.busy=1.79s time.idle=1.25µs
stwo_run_and_prove_recursive_tree::run:stwo_run_and_prove_recursive_tree:reduce{layer_idx=1 pair_idx=0 is_root=true}:Commitment:Commitment:Extension: stwo::prover::pcs: close time.busy=1.05s time.idle=1.12µs
stwo_run_and_prove_recursive_tree::run:stwo_run_and_prove_recursive_tree:reduce{layer_idx=1 pair_idx=0 is_root=true}:Commitment:Commitment:Merkle: stwo::prover::pcs: close time.busy=719ms time.idle=917ns
stwo_run_and_prove_recursive_tree::run:stwo_run_and_prove_recursive_tree:reduce{layer_idx=1 pair_idx=0 is_root=true}:Commitment:Commitment: stwo::prover::pcs: close time.busy=1.77s time.idle=584ns
stwo_run_and_prove_recursive_tree::run:stwo_run_and_prove_recursive_tree:reduce{layer_idx=1 pair_idx=0 is_root=true}:Commitment: stwo::prover::pcs: close time.busy=1.77s time.idle=1.25µs
stwo_run_and_prove_recursive_tree::run:stwo_run_and_prove_recursive_tree:reduce{layer_idx=1 pair_idx=0 is_root=true}:prove_ex:Composition{class="Composition"}:Generation{class="CompositionPolynomialGeneration"}:Constraint point-wise eval{class="ConstraintEval"}: stwo_constraint_framework::prover::component_prover: close time.busy=46.3ms time.idle=959ns
stwo_run_and_prove_recursive_tree::run:stwo_run_and_prove_recursive_tree:reduce{layer_idx=1 pair_idx=0 is_root=true}:prove_ex:Composition{class="Composition"}:Generation{class="CompositionPolynomialGeneration"}:Constraint point-wise eval{class="ConstraintEval"}: stwo_constraint_framework::prover::component_prover: close time.busy=590ms time.idle=1.88µs
stwo_run_and_prove_recursive_tree::run:stwo_run_and_prove_recursive_tree:reduce{layer_idx=1 pair_idx=0 is_root=true}:prove_ex:Composition{class="Composition"}:Generation{class="CompositionPolynomialGeneration"}:Constraint point-wise eval{class="ConstraintEval"}: stwo_constraint_framework::prover::component_prover: close time.busy=168ms time.idle=1.42µs
stwo_run_and_prove_recursive_tree::run:stwo_run_and_prove_recursive_tree:reduce{layer_idx=1 pair_idx=0 is_root=true}:prove_ex:Composition{class="Composition"}:Generation{class="CompositionPolynomialGeneration"}:Constraint point-wise eval{class="ConstraintEval"}: stwo_constraint_framework::prover::component_prover: close time.busy=149ms time.idle=1.29µs
stwo_run_and_prove_recursive_tree::run:stwo_run_and_prove_recursive_tree:reduce{layer_idx=1 pair_idx=0 is_root=true}:prove_ex:Composition{class="Composition"}:Generation{class="CompositionPolynomialGeneration"}:Constraint point-wise eval{class="ConstraintEval"}: stwo_constraint_framework::prover::component_prover: close time.busy=2.80s time.idle=1.08µs
stwo_run_and_prove_recursive_tree::run:stwo_run_and_prove_recursive_tree:reduce{layer_idx=1 pair_idx=0 is_root=true}:prove_ex:Composition{class="Composition"}:Generation{class="CompositionPolynomialGeneration"}:Constraint point-wise eval{class="ConstraintEval"}: stwo_constraint_framework::prover::component_prover: close time.busy=2.94ms time.idle=1.04µs
stwo_run_and_prove_recursive_tree::run:stwo_run_and_prove_recursive_tree:reduce{layer_idx=1 pair_idx=0 is_root=true}:prove_ex:Composition{class="Composition"}:Generation{class="CompositionPolynomialGeneration"}:Constraint point-wise eval{class="ConstraintEval"}: stwo_constraint_framework::prover::component_prover: close time.busy=215ms time.idle=1.21µs
stwo_run_and_prove_recursive_tree::run:stwo_run_and_prove_recursive_tree:reduce{layer_idx=1 pair_idx=0 is_root=true}:prove_ex:Composition{class="Composition"}:Generation{class="CompositionPolynomialGeneration"}:Constraint point-wise eval{class="ConstraintEval"}: stwo_constraint_framework::prover::component_prover: close time.busy=147µs time.idle=583ns
stwo_run_and_prove_recursive_tree::run:stwo_run_and_prove_recursive_tree:reduce{layer_idx=1 pair_idx=0 is_root=true}:prove_ex:Composition{class="Composition"}:Generation{class="CompositionPolynomialGeneration"}:Constraint point-wise eval{class="ConstraintEval"}: stwo_constraint_framework::prover::component_prover: close time.busy=714µs time.idle=417ns
stwo_run_and_prove_recursive_tree::run:stwo_run_and_prove_recursive_tree:reduce{layer_idx=1 pair_idx=0 is_root=true}:prove_ex:Composition{class="Composition"}:Generation{class="CompositionPolynomialGeneration"}:Constraint point-wise eval{class="ConstraintEval"}: stwo_constraint_framework::prover::component_prover: close time.busy=7.70ms time.idle=791ns
stwo_run_and_prove_recursive_tree::run:stwo_run_and_prove_recursive_tree:reduce{layer_idx=1 pair_idx=0 is_root=true}:prove_ex:Composition{class="Composition"}:Generation{class="CompositionPolynomialGeneration"}:Constraint point-wise eval{class="ConstraintEval"}: stwo_constraint_framework::prover::component_prover: close time.busy=1.90ms time.idle=5.83µs
stwo_run_and_prove_recursive_tree::run:stwo_run_and_prove_recursive_tree:reduce{layer_idx=1 pair_idx=0 is_root=true}:prove_ex:Composition{class="Composition"}:Generation{class="CompositionPolynomialGeneration"}:Constraints interpolation{class="ConstraintInterpolation"}: stwo::prover::air::accumulation: close time.busy=88.0ms time.idle=1.21µs
stwo_run_and_prove_recursive_tree::run:stwo_run_and_prove_recursive_tree:reduce{layer_idx=1 pair_idx=0 is_root=true}:prove_ex:Composition{class="Composition"}:Generation{class="CompositionPolynomialGeneration"}: stwo::prover: close time.busy=4.09s time.idle=208ns
stwo_run_and_prove_recursive_tree::run:stwo_run_and_prove_recursive_tree:reduce{layer_idx=1 pair_idx=0 is_root=true}:prove_ex:Composition{class="Composition"}:Commitment:Commitment:Extension: stwo::prover::pcs: close time.busy=122ms time.idle=624ns
stwo_run_and_prove_recursive_tree::run:stwo_run_and_prove_recursive_tree:reduce{layer_idx=1 pair_idx=0 is_root=true}:prove_ex:Composition{class="Composition"}:Commitment:Commitment:Merkle: stwo::prover::pcs: close time.busy=235ms time.idle=1.17µs
stwo_run_and_prove_recursive_tree::run:stwo_run_and_prove_recursive_tree:reduce{layer_idx=1 pair_idx=0 is_root=true}:prove_ex:Composition{class="Composition"}:Commitment:Commitment: stwo::prover::pcs: close time.busy=357ms time.idle=125ns
stwo_run_and_prove_recursive_tree::run:stwo_run_and_prove_recursive_tree:reduce{layer_idx=1 pair_idx=0 is_root=true}:prove_ex:Composition{class="Composition"}:Commitment: stwo::prover::pcs: close time.busy=357ms time.idle=1.04µs
stwo_run_and_prove_recursive_tree::run:stwo_run_and_prove_recursive_tree:reduce{layer_idx=1 pair_idx=0 is_root=true}:prove_ex:Composition{class="Composition"}: stwo::prover: close time.busy=4.47s time.idle=249ns
stwo_run_and_prove_recursive_tree::run:stwo_run_and_prove_recursive_tree:reduce{layer_idx=1 pair_idx=0 is_root=true}:prove_ex:Evaluate columns out of domain{class="EvaluateOutOfDomain"}: stwo::prover::pcs: close time.busy=335ms time.idle=1.25µs
stwo_run_and_prove_recursive_tree::run:stwo_run_and_prove_recursive_tree:reduce{layer_idx=1 pair_idx=0 is_root=true}:prove_ex:Compute FRI quotients{class="FRIQuotients"}: stwo::prover::pcs::quotient_ops: close time.busy=613ms time.idle=1.00µs
stwo_run_and_prove_recursive_tree::run:stwo_run_and_prove_recursive_tree:reduce{layer_idx=1 pair_idx=0 is_root=true}:prove_ex:commit: stwo::prover::fri: close time.busy=178ms time.idle=1.12µs
stwo_run_and_prove_recursive_tree::run:stwo_run_and_prove_recursive_tree:reduce{layer_idx=1 pair_idx=0 is_root=true}:prove_ex:Grind{class="Queries POW"}: stwo::prover::pcs: close time.busy=352ms time.idle=2.04µs
stwo_run_and_prove_recursive_tree::run:stwo_run_and_prove_recursive_tree:reduce{layer_idx=1 pair_idx=0 is_root=true}:prove_ex: stwo::prover: close time.busy=6.01s time.idle=1.08µs
stwo_run_and_prove_recursive_tree::run:stwo_run_and_prove_recursive_tree:reduce{layer_idx=1 pair_idx=0 is_root=true}: stwo_run_and_prove_recursive_tree::fold: close time.busy=19.9s time.idle=1.12µs
